Analysis & Synthesis report for tutor3
Tue Jun 09 19:40:56 2009
Version 5.0 Build 168 06/22/2005 Service Pack 1 SJ Web Edition


---------------------
; Table of Contents ;
---------------------
  1. Legal Notice
  2. Analysis & Synthesis Summary
  3. Analysis & Synthesis Settings
  4. Analysis & Synthesis Source Files Read
  5. Analysis & Synthesis Resource Usage Summary
  6. Analysis & Synthesis Resource Utilization by Entity
  7. State Machine - |tutor3|LCD_Display:inst1|state
  8. State Machine - |tutor3|LCD_Display:inst1|next_command
  9. General Register Statistics
 10. Multiplexer Restructuring Statistics (Restructuring Performed)
 11. Parameter Settings for User Entity Instance: LCD_Display:inst1
 12. Parameter Settings for User Entity Instance: lpm_counter0:inst5|lpm_counter:lpm_counter_component
 13. Analysis & Synthesis Equations
 14. Analysis & Synthesis Messages



----------------
; Legal Notice ;
----------------
Copyright (C) 1991-2005 Altera Corporation
Your use of Altera Corporation's design tools, logic functions 
and other software and tools, and its AMPP partner logic       
functions, and any output files any of the foregoing           
(including device programming or simulation files), and any    
associated documentation or information are expressly subject  
to the terms and conditions of the Altera Program License      
Subscription Agreement, Altera MegaCore Function License       
Agreement, or other applicable license agreement, including,   
without limitation, that your use is for the sole purpose of   
programming logic devices manufactured by Altera and sold by   
Altera or its authorized distributors.  Please refer to the    
applicable agreement for further details.



+----------------------------------------------------------------------------+
; Analysis & Synthesis Summary                                               ;
+-----------------------------+----------------------------------------------+
; Analysis & Synthesis Status ; Successful - Tue Jun 09 19:40:56 2009        ;
; Quartus II Version          ; 5.0 Build 168 06/22/2005 SP 1 SJ Web Edition ;
; Revision Name               ; tutor3                                       ;
; Top-level Entity Name       ; tutor3                                       ;
; Family                      ; Cyclone                                      ;
; Total logic elements        ; 233                                          ;
; Total pins                  ; 14                                           ;
; Total virtual pins          ; 0                                            ;
; Total memory bits           ; 0                                            ;
; Total PLLs                  ; 0                                            ;
+-----------------------------+----------------------------------------------+


+---------------------------------------------------------------------------------------------------+
; Analysis & Synthesis Settings                                                                     ;
+--------------------------------------------------------------------+--------------+---------------+
; Option                                                             ; Setting      ; Default Value ;
+--------------------------------------------------------------------+--------------+---------------+
; Device                                                             ; EP1C6Q240C8  ;               ;
; Top-level entity name                                              ; tutor3       ; tutor3        ;
; Family name                                                        ; Cyclone      ; Stratix       ;
; Use smart compilation                                              ; Off          ; Off           ;
; Restructure Multiplexers                                           ; Auto         ; Auto          ;
; Create Debugging Nodes for IP Cores                                ; off          ; off           ;
; Preserve fewer node names                                          ; On           ; On            ;
; Disable OpenCore Plus hardware evaluation                          ; Off          ; Off           ;
; Verilog Version                                                    ; Verilog_2001 ; Verilog_2001  ;
; VHDL Version                                                       ; VHDL93       ; VHDL93        ;
; State Machine Processing                                           ; Auto         ; Auto          ;
; Extract Verilog State Machines                                     ; On           ; On            ;
; Extract VHDL State Machines                                        ; On           ; On            ;
; Add Pass-Through Logic to Inferred RAMs                            ; On           ; On            ;
; NOT Gate Push-Back                                                 ; On           ; On            ;
; Power-Up Don't Care                                                ; On           ; On            ;
; Remove Redundant Logic Cells                                       ; Off          ; Off           ;
; Remove Duplicate Registers                                         ; On           ; On            ;
; Ignore CARRY Buffers                                               ; Off          ; Off           ;
; Ignore CASCADE Buffers                                             ; Off          ; Off           ;
; Ignore GLOBAL Buffers                                              ; Off          ; Off           ;
; Ignore ROW GLOBAL Buffers                                          ; Off          ; Off           ;
; Ignore LCELL Buffers                                               ; Off          ; Off           ;
; Ignore SOFT Buffers                                                ; On           ; On            ;
; Limit AHDL Integers to 32 Bits                                     ; Off          ; Off           ;
; Optimization Technique -- Cyclone                                  ; Balanced     ; Balanced      ;
; Carry Chain Length -- Stratix/Stratix GX/Cyclone/MAX II/Cyclone II ; 70           ; 70            ;
; Auto Carry Chains                                                  ; On           ; On            ;
; Auto Open-Drain Pins                                               ; On           ; On            ;
; Remove Duplicate Logic                                             ; On           ; On            ;
; Perform WYSIWYG Primitive Resynthesis                              ; Off          ; Off           ;
; Perform gate-level register retiming                               ; Off          ; Off           ;
; Allow register retiming to trade off Tsu/Tco with Fmax             ; On           ; On            ;
; Auto ROM Replacement                                               ; On           ; On            ;
; Auto RAM Replacement                                               ; On           ; On            ;
; Auto Shift Register Replacement                                    ; On           ; On            ;
; Auto Clock Enable Replacement                                      ; On           ; On            ;
; Allows Synchronous Control Signal Usage in Normal Mode Logic Cells ; On           ; On            ;
; Auto RAM Block Balancing                                           ; On           ; On            ;
; Auto Resource Sharing                                              ; Off          ; Off           ;
; Allow Any RAM Size For Recognition                                 ; Off          ; Off           ;
; Allow Any ROM Size For Recognition                                 ; Off          ; Off           ;
; Allow Any Shift Register Size For Recognition                      ; Off          ; Off           ;
; Maximum Number of M512 Memory Blocks                               ; -1           ; -1            ;
; Maximum Number of M4K Memory Blocks                                ; -1           ; -1            ;
; Maximum Number of M-RAM Memory Blocks                              ; -1           ; -1            ;
; Ignore translate_off and translate_on Synthesis Directives         ; Off          ; Off           ;
; Show Parameter Settings Tables in Synthesis Report                 ; On           ; On            ;
+--------------------------------------------------------------------+--------------+---------------+


+------------------------------------------------------------------------------------------------------------------------------------------------------------------+
; Analysis & Synthesis Source Files Read                                                                                                                           ;
+----------------------------------+-----------------+------------------------------------+------------------------------------------------------------------------+
; File Name with User-Entered Path ; Used in Netlist ; File Type                          ; File Name with Absolute Path                                           ;
+----------------------------------+-----------------+------------------------------------+------------------------------------------------------------------------+
; lpm_counter0.v                   ; yes             ; User Verilog HDL File              ; C:/altera/Megan/lpm_counter0.v                                         ;
; tutor3.bdf                       ; yes             ; User Block Diagram/Schematic File  ; C:/altera/Megan/tutor3.bdf                                             ;
; LCD_Display.v                    ; yes             ; User Verilog HDL File              ; C:/altera/Megan/LCD_Display.v                                          ;
; clk_div.v                        ; yes             ; User Verilog HDL File              ; C:/altera/Megan/clk_div.v                                              ;
; debounce.v                       ; yes             ; User Verilog HDL File              ; C:/altera/Megan/debounce.v                                             ;
; lpm_counter.tdf                  ; yes             ; Megafunction                       ; c:/altera/quartus50sp1/libraries/megafunctions/lpm_counter.tdf         ;
; lpm_constant.inc                 ; yes             ; Other                              ; c:/altera/quartus50sp1/libraries/megafunctions/lpm_constant.inc        ;
; lpm_decode.inc                   ; yes             ; Other                              ; c:/altera/quartus50sp1/libraries/megafunctions/lpm_decode.inc          ;
; lpm_add_sub.inc                  ; yes             ; Other                              ; c:/altera/quartus50sp1/libraries/megafunctions/lpm_add_sub.inc         ;
; cmpconst.inc                     ; yes             ; Other                              ; c:/altera/quartus50sp1/libraries/megafunctions/cmpconst.inc            ;
; lpm_compare.inc                  ; yes             ; Other                              ; c:/altera/quartus50sp1/libraries/megafunctions/lpm_compare.inc         ;
; lpm_counter.inc                  ; yes             ; Other                              ; c:/altera/quartus50sp1/libraries/megafunctions/lpm_counter.inc         ;
; dffeea.inc                       ; yes             ; Other                              ; c:/altera/quartus50sp1/libraries/megafunctions/dffeea.inc              ;
; alt_synch_counter.inc            ; yes             ; Other                              ; c:/altera/quartus50sp1/libraries/megafunctions/alt_synch_counter.inc   ;
; alt_synch_counter_f.inc          ; yes             ; Other                              ; c:/altera/quartus50sp1/libraries/megafunctions/alt_synch_counter_f.inc ;
; alt_counter_f10ke.inc            ; yes             ; Other                              ; c:/altera/quartus50sp1/libraries/megafunctions/alt_counter_f10ke.inc   ;
; alt_counter_stratix.inc          ; yes             ; Other                              ; c:/altera/quartus50sp1/libraries/megafunctions/alt_counter_stratix.inc ;
; aglobal50.inc                    ; yes             ; Other                              ; c:/altera/quartus50sp1/libraries/megafunctions/aglobal50.inc           ;
; db/cntr_1c7.tdf                  ; yes             ; Auto-Generated Megafunction        ; C:/altera/Megan/db/cntr_1c7.tdf                                        ;
+----------------------------------+-----------------+------------------------------------+------------------------------------------------------------------------+


+---------------------------------------------+
; Analysis & Synthesis Resource Usage Summary ;
+-----------------------------------+---------+
; Resource                          ; Usage   ;
+-----------------------------------+---------+
; Total logic elements              ; 233     ;
; Total combinational functions     ; 203     ;
;     -- Total 4-input functions    ; 79      ;
;     -- Total 3-input functions    ; 18      ;
;     -- Total 2-input functions    ; 32      ;
;     -- Total 1-input functions    ; 73      ;
;     -- Total 0-input functions    ; 1       ;
; Combinational cells for routing   ; 0       ;
; Total registers                   ; 109     ;
; Total logic cells in carry chains ; 73      ;
; I/O pins                          ; 14      ;
; Maximum fan-out node              ; SW8     ;
; Maximum fan-out                   ; 107     ;
; Total fan-out                     ; 865     ;
; Average fan-out                   ; 3.50    ;
+-----------------------------------+---------+


+---------------------------------------------------------------------------------------------------------------------------------------------------------------------------------------------------------------------------------------------------------------------------+
; Analysis & Synthesis Resource Utilization by Entity                                                                                                                                                                                                                       ;
+-------------------------------------------+-------------+--------------+-------------+------+--------------+--------------+-------------------+------------------+-----------------+--------------------------------------------------------------------------------------+
; Compilation Hierarchy Node                ; Logic Cells ; LC Registers ; Memory Bits ; Pins ; Virtual Pins ; LUT-Only LCs ; Register-Only LCs ; LUT/Register LCs ; Carry Chain LCs ; Full Hierarchy Name                                                                  ;
+-------------------------------------------+-------------+--------------+-------------+------+--------------+--------------+-------------------+------------------+-----------------+--------------------------------------------------------------------------------------+
; |tutor3                                   ; 233 (0)     ; 109          ; 0           ; 14   ; 0            ; 124 (0)      ; 30 (0)            ; 79 (0)           ; 73 (0)          ; |tutor3                                                                              ;
;    |LCD_Display:inst1|                    ; 140 (99)    ; 59           ; 0           ; 0    ; 0            ; 81 (40)      ; 4 (4)             ; 55 (55)          ; 25 (25)         ; |tutor3|LCD_Display:inst1                                                            ;
;       |LCD_display_string:u1|             ; 41 (41)     ; 0            ; 0           ; 0    ; 0            ; 41 (41)      ; 0 (0)             ; 0 (0)            ; 0 (0)           ; |tutor3|LCD_Display:inst1|LCD_display_string:u1                                      ;
;    |clk_div:inst|                         ; 76 (76)     ; 33           ; 0           ; 0    ; 0            ; 43 (43)      ; 25 (25)           ; 8 (8)            ; 32 (32)         ; |tutor3|clk_div:inst                                                                 ;
;    |debounce:inst3|                       ; 1 (1)       ; 1            ; 0           ; 0    ; 0            ; 0 (0)        ; 1 (1)             ; 0 (0)            ; 0 (0)           ; |tutor3|debounce:inst3                                                               ;
;    |lpm_counter0:inst5|                   ; 16 (0)      ; 16           ; 0           ; 0    ; 0            ; 0 (0)        ; 0 (0)             ; 16 (0)           ; 16 (0)          ; |tutor3|lpm_counter0:inst5                                                           ;
;       |lpm_counter:lpm_counter_component| ; 16 (0)      ; 16           ; 0           ; 0    ; 0            ; 0 (0)        ; 0 (0)             ; 16 (0)           ; 16 (0)          ; |tutor3|lpm_counter0:inst5|lpm_counter:lpm_counter_component                         ;
;          |cntr_1c7:auto_generated|        ; 16 (16)     ; 16           ; 0           ; 0    ; 0            ; 0 (0)        ; 0 (0)             ; 16 (16)          ; 16 (16)         ; |tutor3|lpm_counter0:inst5|lpm_counter:lpm_counter_component|cntr_1c7:auto_generated ;
+-------------------------------------------+-------------+--------------+-------------+------+--------------+--------------+-------------------+------------------+-----------------+--------------------------------------------------------------------------------------+
Note: For table entries with two numbers listed, the numbers in parentheses indicate the number of resources of the given type used by the specific entity alone. The numbers listed outside of parentheses indicate the total resources of the given type used by the specific entity and all of its sub-entities in the hierarchy.


+--------------------------------------------------------------------------------------------------------------------------------------------------------------------------------------------------------------------------------------------------------+
; State Machine - |tutor3|LCD_Display:inst1|state                                                                                                                                                                                                        ;
+---------------------+--------------+--------------+----------------+-------------------+---------------------+------------------+----------------+--------------------+-------------+-------------------+------------+------------------+--------------+
; Name                ; state.RESET2 ; state.RESET3 ; state.FUNC_SET ; state.DISPLAY_OFF ; state.DISPLAY_CLEAR ; state.DISPLAY_ON ; state.MODE_SET ; state.Print_String ; state.LINE2 ; state.RETURN_HOME ; state.HOLD ; state.DROP_LCD_E ; state.RESET1 ;
+---------------------+--------------+--------------+----------------+-------------------+---------------------+------------------+----------------+--------------------+-------------+-------------------+------------+------------------+--------------+
; state.RESET1        ; 0            ; 0            ; 0              ; 0                 ; 0                   ; 0                ; 0              ; 0                  ; 0           ; 0                 ; 0          ; 0                ; 0            ;
; state.DROP_LCD_E    ; 0            ; 0            ; 0              ; 0                 ; 0                   ; 0                ; 0              ; 0                  ; 0           ; 0                 ; 0          ; 1                ; 1            ;
; state.HOLD          ; 0            ; 0            ; 0              ; 0                 ; 0                   ; 0                ; 0              ; 0                  ; 0           ; 0                 ; 1          ; 0                ; 1            ;
; state.RETURN_HOME   ; 0            ; 0            ; 0              ; 0                 ; 0                   ; 0                ; 0              ; 0                  ; 0           ; 1                 ; 0          ; 0                ; 1            ;
; state.LINE2         ; 0            ; 0            ; 0              ; 0                 ; 0                   ; 0                ; 0              ; 0                  ; 1           ; 0                 ; 0          ; 0                ; 1            ;
; state.Print_String  ; 0            ; 0            ; 0              ; 0                 ; 0                   ; 0                ; 0              ; 1                  ; 0           ; 0                 ; 0          ; 0                ; 1            ;
; state.MODE_SET      ; 0            ; 0            ; 0              ; 0                 ; 0                   ; 0                ; 1              ; 0                  ; 0           ; 0                 ; 0          ; 0                ; 1            ;
; state.DISPLAY_ON    ; 0            ; 0            ; 0              ; 0                 ; 0                   ; 1                ; 0              ; 0                  ; 0           ; 0                 ; 0          ; 0                ; 1            ;
; state.DISPLAY_CLEAR ; 0            ; 0            ; 0              ; 0                 ; 1                   ; 0                ; 0              ; 0                  ; 0           ; 0                 ; 0          ; 0                ; 1            ;
; state.DISPLAY_OFF   ; 0            ; 0            ; 0              ; 1                 ; 0                   ; 0                ; 0              ; 0                  ; 0           ; 0                 ; 0          ; 0                ; 1            ;
; state.FUNC_SET      ; 0            ; 0            ; 1              ; 0                 ; 0                   ; 0                ; 0              ; 0                  ; 0           ; 0                 ; 0          ; 0                ; 1            ;
; state.RESET3        ; 0            ; 1            ; 0              ; 0                 ; 0                   ; 0                ; 0              ; 0                  ; 0           ; 0                 ; 0          ; 0                ; 1            ;
; state.RESET2        ; 1            ; 0            ; 0              ; 0                 ; 0                   ; 0                ; 0              ; 0                  ; 0           ; 0                 ; 0          ; 0                ; 1            ;
+---------------------+--------------+--------------+----------------+-------------------+---------------------+------------------+----------------+--------------------+-------------+-------------------+------------+------------------+--------------+


+----------------------------------------------------------------------------------------------------------------------------------------------------------------------------------------------------------------------------------------------------------------------------------------------------------------------------------------------------------+
; State Machine - |tutor3|LCD_Display:inst1|next_command                                                                                                                                                                                                                                                                                                   ;
+----------------------------+---------------------+---------------------+-----------------------+--------------------------+----------------------------+-------------------------+-----------------------+---------------------------+--------------------+--------------------------+---------------------+-------------------------+-------------------+
; Name                       ; next_command.RESET2 ; next_command.RESET3 ; next_command.FUNC_SET ; next_command.DISPLAY_OFF ; next_command.DISPLAY_CLEAR ; next_command.DISPLAY_ON ; next_command.MODE_SET ; next_command.Print_String ; next_command.LINE2 ; next_command.RETURN_HOME ; next_command.RESET1 ; next_command.DROP_LCD_E ; next_command.HOLD ;
+----------------------------+---------------------+---------------------+-----------------------+--------------------------+----------------------------+-------------------------+-----------------------+---------------------------+--------------------+--------------------------+---------------------+-------------------------+-------------------+
; next_command.HOLD          ; 0                   ; 0                   ; 0                     ; 0                        ; 0                          ; 0                       ; 0                     ; 0                         ; 0                  ; 0                        ; 0                   ; 0                       ; 0                 ;
; next_command.DROP_LCD_E    ; 0                   ; 0                   ; 0                     ; 0                        ; 0                          ; 0                       ; 0                     ; 0                         ; 0                  ; 0                        ; 0                   ; 1                       ; 1                 ;
; next_command.RESET1        ; 0                   ; 0                   ; 0                     ; 0                        ; 0                          ; 0                       ; 0                     ; 0                         ; 0                  ; 0                        ; 1                   ; 0                       ; 1                 ;
; next_command.RETURN_HOME   ; 0                   ; 0                   ; 0                     ; 0                        ; 0                          ; 0                       ; 0                     ; 0                         ; 0                  ; 1                        ; 0                   ; 0                       ; 1                 ;
; next_command.LINE2         ; 0                   ; 0                   ; 0                     ; 0                        ; 0                          ; 0                       ; 0                     ; 0                         ; 1                  ; 0                        ; 0                   ; 0                       ; 1                 ;
; next_command.Print_String  ; 0                   ; 0                   ; 0                     ; 0                        ; 0                          ; 0                       ; 0                     ; 1                         ; 0                  ; 0                        ; 0                   ; 0                       ; 1                 ;
; next_command.MODE_SET      ; 0                   ; 0                   ; 0                     ; 0                        ; 0                          ; 0                       ; 1                     ; 0                         ; 0                  ; 0                        ; 0                   ; 0                       ; 1                 ;
; next_command.DISPLAY_ON    ; 0                   ; 0                   ; 0                     ; 0                        ; 0                          ; 1                       ; 0                     ; 0                         ; 0                  ; 0                        ; 0                   ; 0                       ; 1                 ;
; next_command.DISPLAY_CLEAR ; 0                   ; 0                   ; 0                     ; 0                        ; 1                          ; 0                       ; 0                     ; 0                         ; 0                  ; 0                        ; 0                   ; 0                       ; 1                 ;
; next_command.DISPLAY_OFF   ; 0                   ; 0                   ; 0                     ; 1                        ; 0                          ; 0                       ; 0                     ; 0                         ; 0                  ; 0                        ; 0                   ; 0                       ; 1                 ;
; next_command.FUNC_SET      ; 0                   ; 0                   ; 1                     ; 0                        ; 0                          ; 0                       ; 0                     ; 0                         ; 0                  ; 0                        ; 0                   ; 0                       ; 1                 ;
; next_command.RESET3        ; 0                   ; 1                   ; 0                     ; 0                        ; 0                          ; 0                       ; 0                     ; 0                         ; 0                  ; 0                        ; 0                   ; 0                       ; 1                 ;
; next_command.RESET2        ; 1                   ; 0                   ; 0                     ; 0                        ; 0                          ; 0                       ; 0                     ; 0                         ; 0                  ; 0                        ; 0                   ; 0                       ; 1                 ;
+----------------------------+---------------------+---------------------+-----------------------+--------------------------+----------------------------+-------------------------+-----------------------+---------------------------+--------------------+--------------------------+---------------------+-------------------------+-------------------+


+------------------------------------------------------+
; General Register Statistics                          ;
+----------------------------------------------+-------+
; Statistic                                    ; Value ;
+----------------------------------------------+-------+
; Total registers                              ; 109   ;
; Number of registers using Synchronous Clear  ; 20    ;
; Number of registers using Synchronous Load   ; 5     ;
; Number of registers using Asynchronous Clear ; 83    ;
; Number of registers using Asynchronous Load  ; 0     ;
; Number of registers using Clock Enable       ; 27    ;
; Number of registers using Preset             ; 0     ;
+----------------------------------------------+-------+


+----------------------------------------------------------------------------------------------------------------------------------------------------------------------+
; Multiplexer Restructuring Statistics (Restructuring Performed)                                                                                                       ;
+--------------------+-----------+---------------+----------------------+------------------------+------------+--------------------------------------------------------+
; Multiplexer Inputs ; Bus Width ; Baseline Area ; Area if Restructured ; Saving if Restructured ; Registered ; Example Multiplexer Output                             ;
+--------------------+-----------+---------------+----------------------+------------------------+------------+--------------------------------------------------------+
; 4:1                ; 2 bits    ; 4 LEs         ; 4 LEs                ; 0 LEs                  ; Yes        ; |tutor3|LCD_Display:inst1|DATA_BUS_VALUE[5]            ;
; 3:1                ; 3 bits    ; 6 LEs         ; 3 LEs                ; 3 LEs                  ; No         ; |tutor3|LCD_Display:inst1|next_command~5               ;
; 32:1               ; 4 bits    ; 84 LEs        ; 52 LEs               ; 32 LEs                 ; No         ; |tutor3|LCD_Display:inst1|LCD_display_string:u1|out[3] ;
+--------------------+-----------+---------------+----------------------+------------------------+------------+--------------------------------------------------------+


+----------------------------------------------------------------+
; Parameter Settings for User Entity Instance: LCD_Display:inst1 ;
+----------------+-------+---------------------------------------+
; Parameter Name ; Value ; Type                                  ;
+----------------+-------+---------------------------------------+
; HOLD           ; 0000  ; Binary                                ;
; FUNC_SET       ; 0001  ; Binary                                ;
; DISPLAY_ON     ; 0010  ; Binary                                ;
; MODE_SET       ; 0011  ; Binary                                ;
; Print_String   ; 0100  ; Binary                                ;
; LINE2          ; 0101  ; Binary                                ;
; RETURN_HOME    ; 0110  ; Binary                                ;
; DROP_LCD_E     ; 0111  ; Binary                                ;
; RESET1         ; 1000  ; Binary                                ;
; RESET2         ; 1001  ; Binary                                ;
; RESET3         ; 1010  ; Binary                                ;
; DISPLAY_OFF    ; 1011  ; Binary                                ;
; DISPLAY_CLEAR  ; 1100  ; Binary                                ;
+----------------+-------+---------------------------------------+
Note: In order to hide this table in the UI and the text report file, please set the "Show Parameter Settings Tables in Synthesis Report" option in "Analysis and Synthesis Settings -> More Settings" to "Off".


+---------------------------------------------------------------------------------------------------+
; Parameter Settings for User Entity Instance: lpm_counter0:inst5|lpm_counter:lpm_counter_component ;
+------------------------+----------+---------------------------------------------------------------+
; Parameter Name         ; Value    ; Type                                                          ;
+------------------------+----------+---------------------------------------------------------------+
; AUTO_CARRY_CHAINS      ; ON       ; AUTO_CARRY                                                    ;
; IGNORE_CARRY_BUFFERS   ; OFF      ; IGNORE_CARRY                                                  ;
; AUTO_CASCADE_CHAINS    ; ON       ; AUTO_CASCADE                                                  ;
; IGNORE_CASCADE_BUFFERS ; OFF      ; IGNORE_CASCADE                                                ;
; LPM_WIDTH              ; 16       ; Integer                                                       ;
; LPM_DIRECTION          ; UP       ; Untyped                                                       ;
; LPM_MODULUS            ; 0        ; Untyped                                                       ;
; LPM_AVALUE             ; UNUSED   ; Untyped                                                       ;
; LPM_SVALUE             ; UNUSED   ; Untyped                                                       ;
; DEVICE_FAMILY          ; Cyclone  ; Untyped                                                       ;
; CARRY_CHAIN            ; MANUAL   ; Untyped                                                       ;
; CARRY_CHAIN_LENGTH     ; 48       ; CARRY_CHAIN_LENGTH                                            ;
; NOT_GATE_PUSH_BACK     ; ON       ; NOT_GATE_PUSH_BACK                                            ;
; CARRY_CNT_EN           ; SMART    ; Untyped                                                       ;
; LABWIDE_SCLR           ; ON       ; Untyped                                                       ;
; USE_NEW_VERSION        ; TRUE     ; Untyped                                                       ;
; CBXI_PARAMETER         ; cntr_1c7 ; Untyped                                                       ;
+------------------------+----------+---------------------------------------------------------------+
Note: In order to hide this table in the UI and the text report file, please set the "Show Parameter Settings Tables in Synthesis Report" option in "Analysis and Synthesis Settings -> More Settings" to "Off".


+--------------------------------+
; Analysis & Synthesis Equations ;
+--------------------------------+
The equations can be found in C:/altera/Megan/tutor3.map.eqn.


+-------------------------------+
; Analysis & Synthesis Messages ;
+-------------------------------+
Info: *******************************************************************
Info: Running Quartus II Analysis & Synthesis
    Info: Version 5.0 Build 168 06/22/2005 Service Pack 1 SJ Web Edition
    Info: Processing started: Tue Jun 09 19:40:51 2009
Info: Command: quartus_map --read_settings_files=on --write_settings_files=off tutor3 -c tutor3
Info: Found 1 design units, including 1 entities, in source file lpm_counter0.v
    Info: Found entity 1: lpm_counter0
Info: Found 1 design units, including 1 entities, in source file tutor3.bdf
    Info: Found entity 1: tutor3
Info: Found 2 design units, including 2 entities, in source file LCD_Display.v
    Info: Found entity 1: LCD_Display
    Info: Found entity 2: LCD_display_string
Info: Found 1 design units, including 1 entities, in source file clk_div.v
    Info: Found entity 1: clk_div
Info: Found 1 design units, including 1 entities, in source file debounce.v
    Info: Found entity 1: debounce
Info: Elaborating entity "tutor3" for the top level hierarchy
Warning: Found multiple base names
Warning: Found multiple base names
Warning: Found multiple base names
Info: Elaborating entity "LCD_Display" for hierarchy "LCD_Display:inst1"
Info: Elaborating entity "LCD_display_string" for hierarchy "LCD_Display:inst1|LCD_display_string:u1"
Info: Elaborating entity "lpm_counter0" for hierarchy "lpm_counter0:inst5"
Info: Found 1 design units, including 1 entities, in source file ../quartus50sp1/libraries/megafunctions/lpm_counter.tdf
    Info: Found entity 1: lpm_counter
Info: Elaborating entity "lpm_counter" for hierarchy "lpm_counter0:inst5|lpm_counter:lpm_counter_component"
Info: Found 1 design units, including 1 entities, in source file db/cntr_1c7.tdf
    Info: Found entity 1: cntr_1c7
Info: Elaborating entity "cntr_1c7" for hierarchy "lpm_counter0:inst5|lpm_counter:lpm_counter_component|cntr_1c7:auto_generated"
Info: Elaborating entity "debounce" for hierarchy "debounce:inst3"
Info: Elaborating entity "clk_div" for hierarchy "clk_div:inst"
Warning: Reduced register "LCD_Display:inst1|LCD_RW_INT" with stuck data_in port to stuck value GND
Info: State machine "|tutor3|LCD_Display:inst1|state" contains 13 states and 0 state bits
Info: State machine "|tutor3|LCD_Display:inst1|next_command" contains 13 states and 0 state bits
Info: Selected Auto state machine encoding method for state machine "|tutor3|LCD_Display:inst1|state"
Info: Encoding result for state machine "|tutor3|LCD_Display:inst1|state"
    Info: Completed encoding using 13 state bits
        Info: Encoded state bit "LCD_Display:inst1|state.RESET2"
        Info: Encoded state bit "LCD_Display:inst1|state.RESET3"
        Info: Encoded state bit "LCD_Display:inst1|state.FUNC_SET"
        Info: Encoded state bit "LCD_Display:inst1|state.DISPLAY_OFF"
        Info: Encoded state bit "LCD_Display:inst1|state.DISPLAY_CLEAR"
        Info: Encoded state bit "LCD_Display:inst1|state.DISPLAY_ON"
        Info: Encoded state bit "LCD_Display:inst1|state.MODE_SET"
        Info: Encoded state bit "LCD_Display:inst1|state.Print_String"
        Info: Encoded state bit "LCD_Display:inst1|state.LINE2"
        Info: Encoded state bit "LCD_Display:inst1|state.RETURN_HOME"
        Info: Encoded state bit "LCD_Display:inst1|state.HOLD"
        Info: Encoded state bit "LCD_Display:inst1|state.DROP_LCD_E"
        Info: Encoded state bit "LCD_Display:inst1|state.RESET1"
    Info: State "|tutor3|LCD_Display:inst1|state.RESET1" uses code string "0000000000000"
    Info: State "|tutor3|LCD_Display:inst1|state.DROP_LCD_E" uses code string "0000000000011"
    Info: State "|tutor3|LCD_Display:inst1|state.HOLD" uses code string "0000000000101"
    Info: State "|tutor3|LCD_Display:inst1|state.RETURN_HOME" uses code string "0000000001001"
    Info: State "|tutor3|LCD_Display:inst1|state.LINE2" uses code string "0000000010001"
    Info: State "|tutor3|LCD_Display:inst1|state.Print_String" uses code string "0000000100001"
    Info: State "|tutor3|LCD_Display:inst1|state.MODE_SET" uses code string "0000001000001"
    Info: State "|tutor3|LCD_Display:inst1|state.DISPLAY_ON" uses code string "0000010000001"
    Info: State "|tutor3|LCD_Display:inst1|state.DISPLAY_CLEAR" uses code string "0000100000001"
    Info: State "|tutor3|LCD_Display:inst1|state.DISPLAY_OFF" uses code string "0001000000001"
    Info: State "|tutor3|LCD_Display:inst1|state.FUNC_SET" uses code string "0010000000001"
    Info: State "|tutor3|LCD_Display:inst1|state.RESET3" uses code string "0100000000001"
    Info: State "|tutor3|LCD_Display:inst1|state.RESET2" uses code string "1000000000001"
Info: Selected Auto state machine encoding method for state machine "|tutor3|LCD_Display:inst1|next_command"
Info: Encoding result for state machine "|tutor3|LCD_Display:inst1|next_command"
    Info: Completed encoding using 13 state bits
        Info: Encoded state bit "LCD_Display:inst1|next_command.RESET2"
        Info: Encoded state bit "LCD_Display:inst1|next_command.RESET3"
        Info: Encoded state bit "LCD_Display:inst1|next_command.FUNC_SET"
        Info: Encoded state bit "LCD_Display:inst1|next_command.DISPLAY_OFF"
        Info: Encoded state bit "LCD_Display:inst1|next_command.DISPLAY_CLEAR"
        Info: Encoded state bit "LCD_Display:inst1|next_command.DISPLAY_ON"
        Info: Encoded state bit "LCD_Display:inst1|next_command.MODE_SET"
        Info: Encoded state bit "LCD_Display:inst1|next_command.Print_String"
        Info: Encoded state bit "LCD_Display:inst1|next_command.LINE2"
        Info: Encoded state bit "LCD_Display:inst1|next_command.RETURN_HOME"
        Info: Encoded state bit "LCD_Display:inst1|next_command.RESET1"
        Info: Encoded state bit "LCD_Display:inst1|next_command.DROP_LCD_E"
        Info: Encoded state bit "LCD_Display:inst1|next_command.HOLD"
    Info: State "|tutor3|LCD_Display:inst1|next_command.HOLD" uses code string "0000000000000"
    Info: State "|tutor3|LCD_Display:inst1|next_command.DROP_LCD_E" uses code string "0000000000011"
    Info: State "|tutor3|LCD_Display:inst1|next_command.RESET1" uses code string "0000000000101"
    Info: State "|tutor3|LCD_Display:inst1|next_command.RETURN_HOME" uses code string "0000000001001"
    Info: State "|tutor3|LCD_Display:inst1|next_command.LINE2" uses code string "0000000010001"
    Info: State "|tutor3|LCD_Display:inst1|next_command.Print_String" uses code string "0000000100001"
    Info: State "|tutor3|LCD_Display:inst1|next_command.MODE_SET" uses code string "0000001000001"
    Info: State "|tutor3|LCD_Display:inst1|next_command.DISPLAY_ON" uses code string "0000010000001"
    Info: State "|tutor3|LCD_Display:inst1|next_command.DISPLAY_CLEAR" uses code string "0000100000001"
    Info: State "|tutor3|LCD_Display:inst1|next_command.DISPLAY_OFF" uses code string "0001000000001"
    Info: State "|tutor3|LCD_Display:inst1|next_command.FUNC_SET" uses code string "0010000000001"
    Info: State "|tutor3|LCD_Display:inst1|next_command.RESET3" uses code string "0100000000001"
    Info: State "|tutor3|LCD_Display:inst1|next_command.RESET2" uses code string "1000000000001"
Warning: Reduced register "LCD_Display:inst1|next_command.DROP_LCD_E" with stuck data_in port to stuck value GND
Warning: Reduced register "LCD_Display:inst1|next_command.RESET1" with stuck data_in port to stuck value GND
Info: Power-up level of register "LCD_Display:inst1|next_command.HOLD" is not specified -- using power-up level of High to minimize register
Warning: Reduced register "LCD_Display:inst1|next_command.HOLD" with stuck data_in port to stuck value VCC
Warning: TRI or OPNDRN buffers permanently enabled
    Warning: Node "LCD_Display:inst1|DATA_BUS~8"
    Warning: Node "LCD_Display:inst1|DATA_BUS~9"
    Warning: Node "LCD_Display:inst1|DATA_BUS~10"
    Warning: Node "LCD_Display:inst1|DATA_BUS~11"
    Warning: Node "LCD_Display:inst1|DATA_BUS~12"
    Warning: Node "LCD_Display:inst1|DATA_BUS~13"
    Warning: Node "LCD_Display:inst1|DATA_BUS~14"
    Warning: Node "LCD_Display:inst1|DATA_BUS~15"
Warning: Output pins are stuck at VCC or GND
    Warning: Pin "LCD_RW" stuck at GND
Info: Implemented 247 device resources after synthesis - the final resource count might be different
    Info: Implemented 3 input pins
    Info: Implemented 3 output pins
    Info: Implemented 8 bidirectional pins
    Info: Implemented 233 logic cells
Info: Quartus II Analysis & Synthesis was successful. 0 errors, 18 warnings
    Info: Processing ended: Tue Jun 09 19:40:56 2009
    Info: Elapsed time: 00:00:06


