--------------------------------------------------------------------------------------
Timing Analyzer Summary
--------------------------------------------------------------------------------------

Type           : Worst-case tco
Slack          : N/A
Required Time  : None
Actual Time    : 7.551 ns
From           : lpm_counter0:inst19|lpm_counter:lpm_counter_component|cntr_hci:auto_generated|safe_q[1]
To             : STAGE[1]
From Clock     : CLK
To Clock       : --
Failed Paths   : 0

Type           : Worst-case tpd
Slack          : N/A
Required Time  : None
Actual Time    : 14.132 ns
From           : IR[13]
To             : ALU_CONTROL[2]
From Clock     : --
To Clock       : --
Failed Paths   : 0

Type           : Clock Setup: 'CLK'
Slack          : N/A
Required Time  : None
Actual Time    : Restricted to 275.03 MHz ( period = 3.636 ns )
From           : lpm_counter0:inst19|lpm_counter:lpm_counter_component|cntr_hci:auto_generated|safe_q[0]
To             : lpm_counter0:inst19|lpm_counter:lpm_counter_component|cntr_hci:auto_generated|safe_q[1]
From Clock     : CLK
To Clock       : CLK
Failed Paths   : 0

Type           : Total number of failed paths
Slack          : 
Required Time  : 
Actual Time    : 
From           : 
To             : 
From Clock     : 
To Clock       : 
Failed Paths   : 0

--------------------------------------------------------------------------------------

